C51 COMPILER V9.60.0.0   MYCODE                                                            04/29/2021 20:27:38 PAGE 1   


C51 COMPILER V9.60.0.0, COMPILATION OF MODULE MYCODE
OBJECT MODULE PLACED IN .\Objects\mycode.obj
COMPILER INVOKED BY: C:\Keil_v5\C51\BIN\C51.EXE mycode.c OPTIMIZE(8,SPEED) BROWSE DEBUG OBJECTEXTEND PRINT(.\Listings\my
                    -code.lst) TABS(2) OBJECT(.\Objects\mycode.obj)

line level    source

   1          #include <reg52.h>
   2          #define uint unsigned int
   3          #define uchar unsigned char
   4          sbit S1=P3^4;
   5          sbit S2=P3^5;
   6          sbit S3=P3^3;
   7          sbit S4=P3^1;
   8          void san();
   9          void wu();
  10          void delay(uint);
  11          uchar temp1;
  12          uchar temp2;
  13          uchar temp3;
  14          uint a;
  15          int c;
  16          void main()
  17          {
  18   1          while (1)
  19   1          {
  20   2              if (S1 == 0)
  21   2              {
  22   3                  san();
  23   3              }
  24   2      
  25   2              if (S2 == 0)
  26   2              {
  27   3                  P1 = 0xff;
  28   3              }
  29   2      
  30   2              if (S3 == 0)
  31   2              {
  32   3                  san();
  33   3              }
  34   2      
  35   2              if (S4 == 0)
  36   2              {
  37   3                  wu();
  38   3              }
  39   2          }
  40   1      }
  41          
  42          void san()
  43          {
  44   1          uchar table[] = {0xfe, 0xfd, 0xfb, 0xf7, 0xef, 0xdf, 0xbf, 0x7f};
  45   1          int a;
  46   1          for (a = 0; a < 8; a++)
  47   1          {
  48   2              temp1 = table[a];
  49   2              P1 = temp1;
  50   2              delay(300);
  51   2          }
  52   1      }
  53          
  54          void delay(uint z)
C51 COMPILER V9.60.0.0   MYCODE                                                            04/29/2021 20:27:38 PAGE 2   

  55          {
  56   1          unsigned char x, y;
  57   1          for (x = 100; x > 0; x--)
  58   1              for (y = z; y > 0; y--)
  59   1                  ;
  60   1      }
  61          
  62          void wu()
  63          {
  64   1          uchar table1[] = {0xfe, 0xfd, 0xfb, 0xf7, 0xef, 0xdf, 0xbf, 0x7f};
  65   1          int c;
  66   1          for (c = 7; c > -1; c--)
  67   1          {
  68   2              temp2 = table1[c];
  69   2              P1 = temp2;
  70   2              delay(300);
  71   2          }
  72   1      }


MODULE INFORMATION:   STATIC OVERLAYABLE
   CODE SIZE        =    163    ----
   CONSTANT SIZE    =     16    ----
   XDATA SIZE       =   ----    ----
   PDATA SIZE       =   ----    ----
   DATA SIZE        =      7      18
   IDATA SIZE       =   ----    ----
   BIT SIZE         =   ----    ----
END OF MODULE INFORMATION.


C51 COMPILATION COMPLETE.  0 WARNING(S),  0 ERROR(S)
